[    0.000000] Initializing cgroup subsys cpuset
[    0.000000] Initializing cgroup subsys cpu
[    0.000000] Initializing cgroup subsys cpuacct
[    0.000000] Linux version 4.4.0-186-generic (buildd@lcy01-amd64-002) (gcc version 5.4.0 20160609 (Ubuntu 5.4.0-6ubuntu1~16.04.12) ) #216-Ubuntu SMP Wed Jul 1 05:34:05 UTC 2020 (Ubuntu 4.4.0-186.216-generic 4.4.228)
[    0.000000] Command line: BOOT_IMAGE=/boot/vmlinuz-4.4.0-186-generic root=LABEL=cloudimg-rootfs ro console=tty1 console=ttyS0
[    0.000000] KERNEL supported cpus:
[    0.000000]   Intel GenuineIntel
[    0.000000]   AMD AuthenticAMD
[    0.000000]   Centaur CentaurHauls
[    0.000000] x86/fpu: xstate_offset[2]:  576, xstate_sizes[2]:  256
[    0.000000] x86/fpu: Supporting XSAVE feature 0x01: 'x87 floating point registers'
[    0.000000] x86/fpu: Supporting XSAVE feature 0x02: 'SSE registers'
[    0.000000] x86/fpu: Supporting XSAVE feature 0x04: 'AVX registers'
[    0.000000] x86/fpu: Enabled xstate features 0x7, context size is 832 bytes, using 'standard' format.
[    0.000000] e820: BIOS-provided physical RAM map:
[    0.000000] BIOS-e820: [mem 0x0000000000000000-0x000000000009fbff] usable
[    0.000000] BIOS-e820: [mem 0x000000000009fc00-0x000000000009ffff] reserved
[    0.000000] BIOS-e820: [mem 0x00000000000f0000-0x00000000000fffff] reserved
[    0.000000] BIOS-e820: [mem 0x0000000000100000-0x000000003ffeffff] usable
[    0.000000] BIOS-e820: [mem 0x000000003fff0000-0x000000003fffffff] ACPI data
[    0.000000] BIOS-e820: [mem 0x00000000fec00000-0x00000000fec00fff] reserved
[    0.000000] BIOS-e820: [mem 0x00000000fee00000-0x00000000fee00fff] reserved
[    0.000000] BIOS-e820: [mem 0x00000000fffc0000-0x00000000ffffffff] reserved
[    0.000000] NX (Execute Disable) protection: active
[    0.000000] SMBIOS 2.5 present.
[    0.000000] Hypervisor detected: KVM
[    0.000000] e820: last_pfn = 0x3fff0 max_arch_pfn = 0x400000000
[    0.000000] MTRR: Disabled
[    0.000000] x86/PAT: MTRRs disabled, skipping PAT initialization too.
[    0.000000] CPU MTRRs all blank - virtualized system.
[    0.000000] x86/PAT: Configuration [0-7]: WB  WT  UC- UC  WB  WT  UC- UC  
[    0.000000] found SMP MP-table at [mem 0x0009fff0-0x0009ffff] mapped at [ffff88000009fff0]
[    0.000000] Scanning 1 areas for low memory corruption
[    0.000000] RAMDISK: [mem 0x362de000-0x37166fff]
[    0.000000] ACPI: Early table checksum verification disabled
[    0.000000] ACPI: RSDP 0x00000000000E0000 000024 (v02 VBOX  )
[    0.000000] ACPI: XSDT 0x000000003FFF0030 00003C (v01 VBOX   VBOXXSDT 00000001 ASL  00000061)
[    0.000000] ACPI: FACP 0x000000003FFF00F0 0000F4 (v04 VBOX   VBOXFACP 00000001 ASL  00000061)
[    0.000000] ACPI: DSDT 0x000000003FFF0470 002325 (v02 VBOX   VBOXBIOS 00000002 INTL 20100528)
[    0.000000] ACPI: FACS 0x000000003FFF0200 000040
[    0.000000] ACPI: FACS 0x000000003FFF0200 000040
[    0.000000] ACPI: APIC 0x000000003FFF0240 00005C (v02 VBOX   VBOXAPIC 00000001 ASL  00000061)
[    0.000000] ACPI: SSDT 0x000000003FFF02A0 0001CC (v01 VBOX   VBOXCPUT 00000002 INTL 20100528)
[    0.000000] No NUMA configuration found
[    0.000000] Faking a node at [mem 0x0000000000000000-0x000000003ffeffff]
[    0.000000] NODE_DATA(0) allocated [mem 0x3ffeb000-0x3ffeffff]
[    0.000000] kvm-clock: Using msrs 4b564d01 and 4b564d00
[    0.000000] kvm-clock: cpu 0, msr 0:3ffe3001, primary cpu clock
[    0.000000] kvm-clock: using sched offset of 3317590768 cycles
[    0.000000] clocksource: kvm-clock: mask: 0xffffffffffffffff max_cycles: 0x1cd42e4dffb, max_idle_ns: 881590591483 ns
[    0.000000] Zone ranges:
[    0.000000]   DMA      [mem 0x0000000000001000-0x0000000000ffffff]
[    0.000000]   DMA32    [mem 0x0000000001000000-0x000000003ffeffff]
[    0.000000]   Normal   empty
[    0.000000]   Device   empty
[    0.000000] Movable zone start for each node
[    0.000000] Early memory node ranges
[    0.000000]   node   0: [mem 0x0000000000001000-0x000000000009efff]
[    0.000000]   node   0: [mem 0x0000000000100000-0x000000003ffeffff]
[    0.000000] Initmem setup node 0 [mem 0x0000000000001000-0x000000003ffeffff]
[    0.000000] ACPI: PM-Timer IO Port: 0x4008
[    0.000000] IOAPIC[0]: apic_id 2, version 32, address 0xfec00000, GSI 0-23
[    0.000000] ACPI: INT_SRC_OVR (bus 0 bus_irq 0 global_irq 2 dfl dfl)
[    0.000000] ACPI: INT_SRC_OVR (bus 0 bus_irq 9 global_irq 9 low level)
[    0.000000] Using ACPI (MADT) for SMP configuration information
[    0.000000] smpboot: Allowing 2 CPUs, 0 hotplug CPUs
[    0.000000] PM: Registered nosave memory: [mem 0x00000000-0x00000fff]
[    0.000000] PM: Registered nosave memory: [mem 0x0009f000-0x0009ffff]
[    0.000000] PM: Registered nosave memory: [mem 0x000a0000-0x000effff]
[    0.000000] PM: Registered nosave memory: [mem 0x000f0000-0x000fffff]
[    0.000000] e820: [mem 0x40000000-0xfebfffff] available for PCI devices
[    0.000000] Booting paravirtualized kernel on KVM
[    0.000000] clocksource: refined-jiffies: mask: 0xffffffff max_cycles: 0xffffffff, max_idle_ns: 7645519600211568 ns
[    0.000000] setup_percpu: NR_CPUS:512 nr_cpumask_bits:512 nr_cpu_ids:2 nr_node_ids:1
[    0.000000] PERCPU: Embedded 33 pages/cpu @ffff88003fc00000 s95512 r8192 d31464 u1048576
[    0.000000] Built 1 zonelists in Node order, mobility grouping on.  Total pages: 257912
[    0.000000] Policy zone: DMA32
[    0.000000] Kernel command line: BOOT_IMAGE=/boot/vmlinuz-4.4.0-186-generic root=LABEL=cloudimg-rootfs ro console=tty1 console=ttyS0
[    0.000000] PID hash table entries: 4096 (order: 3, 32768 bytes)
[    0.000000] Memory: 997660K/1048120K available (8636K kernel code, 1337K rwdata, 4040K rodata, 1492K init, 1296K bss, 50460K reserved, 0K cma-reserved)
[    0.000000] SLUB: HWalign=64, Order=0-3, MinObjects=0, CPUs=2, Nodes=1
[    0.000000] Kernel/User page tables isolation: enabled
[    0.000000] Hierarchical RCU implementation.
[    0.000000] 	Build-time adjustment of leaf fanout to 64.
[    0.000000] 	RCU restricting CPUs from NR_CPUS=512 to nr_cpu_ids=2.
[    0.000000] RCU: Adjusting geometry for rcu_fanout_leaf=64, nr_cpu_ids=2
[    0.000000] NR_IRQS:33024 nr_irqs:440 16
[    0.000000] Console: colour VGA+ 80x25
[    0.000000] console [tty1] enabled
[    0.000000] console [ttyS0] enabled
[    0.000000] tsc: Detected 2712.000 MHz processor
[    0.169850] Calibrating delay loop (skipped) preset value.. 5424.00 BogoMIPS (lpj=10848000)
[    0.171477] pid_max: default: 32768 minimum: 301
[    0.172341] ACPI: Core revision 20150930
[    0.174043] ACPI: 2 ACPI AML tables successfully acquired and loaded
[    0.175287] Security Framework initialized
[    0.176126] Yama: becoming mindful.
[    0.176885] AppArmor: AppArmor initialized
[    0.179227] Dentry cache hash table entries: 131072 (order: 8, 1048576 bytes)
[    0.183704] Inode-cache hash table entries: 65536 (order: 7, 524288 bytes)
[    0.185203] Mount-cache hash table entries: 2048 (order: 2, 16384 bytes)
[    0.186359] Mountpoint-cache hash table entries: 2048 (order: 2, 16384 bytes)
[    0.187704] Initializing cgroup subsys io
[    0.188548] Initializing cgroup subsys memory
[    0.189408] Initializing cgroup subsys devices
[    0.190287] Initializing cgroup subsys freezer
[    0.191140] Initializing cgroup subsys net_cls
[    0.192005] Initializing cgroup subsys perf_event
[    0.192885] Initializing cgroup subsys net_prio
[    0.193742] Initializing cgroup subsys hugetlb
[    0.195566] Initializing cgroup subsys pids
[    0.197834] mce: CPU supports 0 MCE banks
[    0.198667] Last level iTLB entries: 4KB 64, 2MB 8, 4MB 8
[    0.199635] Last level dTLB entries: 4KB 64, 2MB 0, 4MB 0, 1GB 4
[    0.200910] Spectre V1 : Mitigation: usercopy/swapgs barriers and __user pointer sanitization
[    0.202607] Spectre V2 : Mitigation: Full generic retpoline
[    0.203760] Spectre V2 : Spectre v2 / SpectreRSB mitigation: Filling RSB on context switch
[    0.205320] Speculative Store Bypass: Vulnerable
[    0.206293] SRBDS: Unknown: Dependent on hypervisor status
[    0.207394] MDS: Mitigation: Clear CPU buffers
[    0.212237] Freeing SMP alternatives memory: 36K
[    0.219643] ftrace: allocating 32334 entries in 127 pages
[    0.291089] smpboot: APIC(0) Converting physical 0 to logical package 0
[    0.292506] smpboot: Max logical packages: 1
[    0.293637] x2apic enabled
[    0.295018] Switched APIC routing to physical x2apic.
[    0.297528] ..TIMER: vector=0x30 apic1=0 pin1=2 apic2=-1 pin2=-1
[    0.406755] smpboot: CPU0: Intel(R) Core(TM) i5-7200U CPU @ 2.50GHz (family: 0x6, model: 0x8e, stepping: 0x9)
[    0.409464] Performance Events: unsupported p6 CPU model 142 no PMU driver, software events only.
[    0.431369] KVM setup paravirtual spinlock
[    0.433632] x86: Booting SMP configuration:
[    0.434889] .... node  #0, CPUs:      #1
[    0.436275] kvm-clock: cpu 1, msr 0:3ffe3041, secondary cpu clock
[    0.438424] mce: CPU supports 0 MCE banks
[    0.441717] x86: Booted up 1 node, 2 CPUs
[    0.443150] smpboot: Total of 2 processors activated (10848.00 BogoMIPS)
[    0.445337] devtmpfs: initialized
[    0.449917] evm: security.selinux
[    0.451276] evm: security.SMACK64
[    0.452328] evm: security.SMACK64EXEC
[    0.453737] evm: security.SMACK64TRANSMUTE
[    0.454875] evm: security.SMACK64MMAP
[    0.455752] evm: security.ima
[    0.456670] evm: security.capability
[    0.457715] clocksource: jiffies: mask: 0xffffffff max_cycles: 0xffffffff, max_idle_ns: 7645041785100000 ns
[    0.459560] futex hash table entries: 512 (order: 3, 32768 bytes)
[    0.462435] pinctrl core: initialized pinctrl subsystem
[    0.465945] RTC time:  7:36:50, date: 07/30/20
[    0.467338] NET: Registered protocol family 16
[    0.480965] cpuidle: using governor ladder
[    0.495205] cpuidle: using governor menu
[    0.496599] PCCT header not found.
[    0.497483] ACPI: bus type PCI registered
[    0.498371] acpiphp: ACPI Hot Plug PCI Controller Driver version: 0.5
[    0.499815] PCI: Using configuration type 1 for base access
[    0.513621] ACPI: Added _OSI(Module Device)
[    0.514512] ACPI: Added _OSI(Processor Device)
[    0.515385] ACPI: Added _OSI(3.0 _SCP Extensions)
[    0.516329] ACPI: Added _OSI(Processor Aggregator Device)
[    0.518276] ACPI: Executed 1 blocks of module-level executable AML code
[    0.521768] ACPI: Interpreter enabled
[    0.522585] ACPI: (supports S0 S5)
[    0.523500] ACPI: Using IOAPIC for interrupt routing
[    0.524771] PCI: Using host bridge windows from ACPI; if necessary, use "pci=nocrs" and report a bug
[    0.531355] ACPI: PCI Root Bridge [PCI0] (domain 0000 [bus 00-ff])
[    0.532639] acpi PNP0A03:00: _OSC: OS supports [ASPM ClockPM Segments MSI]
[    0.534329] acpi PNP0A03:00: _OSC: not requesting OS control; OS requires [ExtendedConfig ASPM ClockPM MSI]
[    0.536605] acpi PNP0A03:00: fail to add MMCONFIG information, can't access extended PCI configuration space under this bridge.
[    0.539081] PCI host bridge to bus 0000:00
[    0.540053] pci_bus 0000:00: root bus resource [io  0x0000-0x0cf7 window]
[    0.541450] pci_bus 0000:00: root bus resource [io  0x0d00-0xffff window]
[    0.542825] pci_bus 0000:00: root bus resource [mem 0x000a0000-0x000bffff window]
[    0.546251] pci_bus 0000:00: root bus resource [mem 0x40000000-0xfdffffff window]
[    0.548111] pci_bus 0000:00: root bus resource [bus 00-ff]
[    0.550957] pci 0000:00:01.1: legacy IDE quirk: reg 0x10: [io  0x01f0-0x01f7]
[    0.552522] pci 0000:00:01.1: legacy IDE quirk: reg 0x14: [io  0x03f6]
[    0.553871] pci 0000:00:01.1: legacy IDE quirk: reg 0x18: [io  0x0170-0x0177]
[    0.566561] pci 0000:00:01.1: legacy IDE quirk: reg 0x1c: [io  0x0376]
[    0.585033] pci 0000:00:07.0: quirk: [io  0x4000-0x403f] claimed by PIIX4 ACPI
[    0.586729] pci 0000:00:07.0: quirk: [io  0x4100-0x410f] claimed by PIIX4 SMB
[    0.599487] ACPI: PCI Interrupt Link [LNKA] (IRQs 5 9 10 *11)
[    0.601445] ACPI: PCI Interrupt Link [LNKB] (IRQs 5 9 *10 11)
[    0.603215] ACPI: PCI Interrupt Link [LNKC] (IRQs 5 *9 10 11)
[    0.604931] ACPI: PCI Interrupt Link [LNKD] (IRQs 5 9 10 *11)
[    0.606465] ACPI: Enabled 2 GPEs in block 00 to 07
[    0.607853] vgaarb: setting as boot device: PCI:0000:00:02.0
[    0.608907] vgaarb: device added: PCI:0000:00:02.0,decodes=io+mem,owns=io+mem,locks=none
[    0.610952] vgaarb: loaded
[    0.612139] vgaarb: bridge control possible 0000:00:02.0
[    0.614110] SCSI subsystem initialized
[    0.615772] ACPI: bus type USB registered
[    0.616727] usbcore: registered new interface driver usbfs
[    0.618397] usbcore: registered new interface driver hub
[    0.619616] usbcore: registered new device driver usb
[    0.621203] PCI: Using ACPI for IRQ routing
[    0.625369] NetLabel: Initializing
[    0.626368] NetLabel:  domain hash size = 128
[    0.627702] NetLabel:  protocols = UNLABELED CIPSOv4
[    0.629528] NetLabel:  unlabeled traffic allowed by default
[    0.630938] amd_nb: Cannot enumerate AMD northbridges
[    0.632142] clocksource: Switched to clocksource kvm-clock
[    0.644249] AppArmor: AppArmor Filesystem Enabled
[    0.646167] pnp: PnP ACPI init
[    0.647913] pnp: PnP ACPI: found 3 devices
[    0.660686] clocksource: acpi_pm: mask: 0xffffff max_cycles: 0xffffff, max_idle_ns: 2085701024 ns
[    0.663743] NET: Registered protocol family 2
[    0.665218] TCP established hash table entries: 8192 (order: 4, 65536 bytes)
[    0.666899] TCP bind hash table entries: 8192 (order: 5, 131072 bytes)
[    0.668047] TCP: Hash tables configured (established 8192 bind 8192)
[    0.669201] UDP hash table entries: 512 (order: 2, 16384 bytes)
[    0.670255] UDP-Lite hash table entries: 512 (order: 2, 16384 bytes)
[    0.671431] NET: Registered protocol family 1
[    0.672294] pci 0000:00:00.0: Limiting direct PCI/PCI transfers
[    0.673424] pci 0000:00:01.0: Activating ISA DMA hang workarounds
[    0.674822] Unpacking initramfs...
[    0.968730] Freeing initrd memory: 14884K
[    0.969890] clocksource: tsc: mask: 0xffffffffffffffff max_cycles: 0x2717868ea45, max_idle_ns: 440795316085 ns
[    0.972107] platform rtc_cmos: registered platform RTC device (no PNP device found)
[    0.973966] Scanning for low memory corruption every 60 seconds
[    0.975974] audit: initializing netlink subsys (disabled)
[    0.978247] audit: type=2000 audit(1596094615.775:1): initialized
[    0.980037] Initialise system trusted keyring
[    0.981461] HugeTLB registered 2 MB page size, pre-allocated 0 pages
[    0.984697] zbud: loaded
[    0.985837] VFS: Disk quotas dquot_6.6.0
[    0.987136] VFS: Dquot-cache hash table entries: 512 (order 0, 4096 bytes)
[    0.989150] squashfs: version 4.0 (2009/01/31) Phillip Lougher
[    0.990897] fuse init (API version 7.23)
[    0.991832] Key type big_key registered
[    0.992712] Allocating IMA MOK and blacklist keyrings.
[    0.995302] Key type asymmetric registered
[    0.996679] Asymmetric key parser 'x509' registered
[    0.998076] Block layer SCSI generic (bsg) driver version 0.4 loaded (major 249)
[    1.000006] io scheduler noop registered
[    1.001626] io scheduler deadline registered (default)
[    1.003224] io scheduler cfq registered
[    1.004208] pci_hotplug: PCI Hot Plug PCI Core version: 0.5
[    1.005912] pciehp: PCI Express Hot Plug Controller Driver version: 0.4
[    1.007850] ACPI: AC Adapter [AC] (on-line)
[    1.009208] input: Power Button as /devices/LNXSYSTM:00/LNXPWRBN:00/input/input0
[    1.010895] ACPI: Power Button [PWRF]
[    1.012214] input: Sleep Button as /devices/LNXSYSTM:00/LNXSLPBN:00/input/input1
[    1.014277] ACPI: Sleep Button [SLPF]
[    1.015574] GHES: HEST is not enabled!
[    1.016895] Serial: 8250/16550 driver, 32 ports, IRQ sharing enabled
[    1.016910] ACPI: Battery Slot [BAT0] (battery present)
[    1.042047] 00:02: ttyS0 at I/O 0x3f8 (irq = 4, base_baud = 115200) is a 16550A
[    1.049636] Linux agpgart interface v0.103
[    1.053332] loop: module loaded
[    1.055343] scsi host0: ata_piix
[    1.056408] scsi host1: ata_piix
[    1.057271] ata1: PATA max UDMA/33 cmd 0x1f0 ctl 0x3f6 bmdma 0xd000 irq 14
[    1.058485] ata2: PATA max UDMA/33 cmd 0x170 ctl 0x376 bmdma 0xd008 irq 15
[    1.060126] libphy: Fixed MDIO Bus: probed
[    1.061425] tun: Universal TUN/TAP device driver, 1.6
[    1.062610] tun: (C) 1999-2004 Max Krasnyansky <maxk@qualcomm.com>
[    1.064438] PPP generic driver version 2.4.2
[    1.065614] ehci_hcd: USB 2.0 'Enhanced' Host Controller (EHCI) Driver
[    1.068063] ehci-pci: EHCI PCI platform driver
[    1.069017] ehci-platform: EHCI generic platform driver
[    1.069994] ohci_hcd: USB 1.1 'Open' Host Controller (OHCI) Driver
[    1.071095] ohci-pci: OHCI PCI platform driver
[    1.072134] ohci-platform: OHCI generic platform driver
[    1.073347] uhci_hcd: USB Universal Host Controller Interface driver
[    1.074757] i8042: PNP: PS/2 Controller [PNP0303:PS2K,PNP0f03:PS2M] at 0x60,0x64 irq 1,12
[    1.077480] serio: i8042 KBD port at 0x60,0x64 irq 1
[    1.079066] serio: i8042 AUX port at 0x60,0x64 irq 12
[    1.080592] mousedev: PS/2 mouse device common for all mice
[    1.082352] input: AT Translated Set 2 keyboard as /devices/platform/i8042/serio0/input/input2
[    1.084520] rtc_cmos rtc_cmos: rtc core: registered rtc_cmos as rtc0
[    1.085894] rtc_cmos rtc_cmos: alarms up to one day, 114 bytes nvram
[    1.087207] i2c /dev entries driver
[    1.088100] device-mapper: uevent: version 1.0.3
[    1.089446] device-mapper: ioctl: 4.34.0-ioctl (2015-10-28) initialised: dm-devel@redhat.com
[    1.091851] ledtrig-cpu: registered to indicate activity on CPUs
[    1.094579] NET: Registered protocol family 10
[    1.096348] NET: Registered protocol family 17
[    1.097557] Key type dns_resolver registered
[    1.099537] registered taskstats version 1
[    1.100585] Loading compiled-in X.509 certificates
[    1.102342] Loaded X.509 cert 'Build time autogenerated kernel key: cef5e81496c0efa51b848ab539e845ddf31c08be'
[    1.104907] zswap: loaded using pool lzo/zbud
[    1.110240] Key type trusted registered
[    1.116291] Key type encrypted registered
[    1.117274] AppArmor: AppArmor sha1 policy hashing enabled
[    1.118521] ima: No TPM chip found, activating TPM-bypass!
[    1.119885] ima: Allocated hash algorithm: sha1
[    1.121046] evm: HMAC attrs: 0x1
[    1.122301]   Magic number: 12:582:623
[    1.123476] rtc_cmos rtc_cmos: setting system clock to 2020-07-30 07:36:51 UTC (1596094611)
[    1.125999] BIOS EDD facility v0.16 2004-Jun-25, 0 devices found
[    1.127788] EDD information not available.
[    1.238878] Freeing unused kernel memory: 1492K
[    1.240291] Write protecting the kernel read-only data: 14336k
[    1.242182] Freeing unused kernel memory: 1592K
[    1.243455] Freeing unused kernel memory: 56K
Loading, please wait...
starting version 229
[    1.258779] random: systemd-udevd: uninitialized urandom read (16 bytes read, 3 bits of entropy available)
[    1.259885] random: udevadm: uninitialized urandom read (16 bytes read, 3 bits of entropy available)
[    1.259918] random: udevadm: uninitialized urandom read (16 bytes read, 3 bits of entropy available)
[    1.268492] random: systemd-udevd: uninitialized urandom read (16 bytes read, 3 bits of entropy available)
[    1.270736] random: systemd-udevd: uninitialized urandom read (16 bytes read, 3 bits of entropy available)
[    1.272571] random: udevadm: uninitialized urandom read (16 bytes read, 3 bits of entropy available)
[    1.272640] random: udevadm: uninitialized urandom read (16 bytes read, 3 bits of entropy available)
[    1.272815] random: udevadm: uninitialized urandom read (16 bytes read, 3 bits of entropy available)
[    1.272864] random: udevadm: uninitialized urandom read (16 bytes read, 3 bits of entropy available)
[    1.272913] random: udevadm: uninitialized urandom read (16 bytes read, 3 bits of entropy available)
[    1.334838] e1000: Intel(R) PRO/1000 Network Driver - version 7.3.21-k8-NAPI
[    1.336605] e1000: Copyright (c) 1999-2006 Intel Corporation.
[    1.342440] Fusion MPT base driver 3.04.20
[    1.343754] Copyright (c) 1999-2008 LSI Corporation
[    1.358565] Fusion MPT SPI Host driver 3.04.20
[    1.367112] AVX2 version of gcm_enc/dec engaged.
[    1.368328] AES CTR mode by8 optimization enabled
[    1.577623] input: ImExPS/2 Generic Explorer Mouse as /devices/platform/i8042/serio1/input/input4
[    1.992620] e1000 0000:00:03.0 eth0: (PCI:33MHz:32-bit) 02:81:88:50:25:98
[    1.994142] e1000 0000:00:03.0 eth0: Intel(R) PRO/1000 Network Connection
[    1.996306] mptbase: ioc0: Initiating bringup
[    3.673772] ioc0: LSI53C1030 A0: Capabilities={Initiator}
[    5.470958] scsi host2: ioc0: LSI53C1030 A0, FwRev=00000000h, Ports=1, MaxQ=256, IRQ=20
[    7.881224] scsi 2:0:0:0: Direct-Access     VBOX     HARDDISK         1.0  PQ: 0 ANSI: 5
[    7.883152] scsi target2:0:0: Beginning Domain Validation
[    7.886501] scsi target2:0:0: Domain Validation skipping write tests
[    7.887683] scsi target2:0:0: Ending Domain Validation
[    7.888735] scsi target2:0:0: asynchronous
[    7.889971] scsi 2:0:1:0: Direct-Access     VBOX     HARDDISK         1.0  PQ: 0 ANSI: 5
[    7.891847] scsi target2:0:1: Beginning Domain Validation
[    7.894785] scsi target2:0:1: Domain Validation skipping write tests
[    7.896037] scsi target2:0:1: Ending Domain Validation
[    7.897213] scsi target2:0:1: asynchronous
[    7.915661] sd 2:0:0:0: Attached scsi generic sg0 type 0
[    7.920574] sd 2:0:1:0: [sdb] 20480 512-byte logical blocks: (10.5 MB/10.0 MiB)
[    7.922355] sd 2:0:0:0: [sda] 20971520 512-byte logical blocks: (10.7 GB/10.0 GiB)
[    7.924286] sd 2:0:1:0: Attached scsi generic sg1 type 0
[    7.925658] sd 2:0:0:0: [sda] Write Protect is off
[    7.926752] sd 2:0:1:0: [sdb] Write Protect is off
[    7.928785] sd 2:0:0:0: [sda] Incomplete mode parameter data
[    7.930039] sd 2:0:0:0: [sda] Assuming drive cache: write through
[    7.931441] sd 2:0:1:0: [sdb] Incomplete mode parameter data
[    7.933071] sd 2:0:1:0: [sdb] Assuming drive cache: write through
[    7.936089]  sda: sda1
[    7.937376] sd 2:0:0:0: [sda] Attached SCSI disk
[    7.938658] sd 2:0:1:0: [sdb] Attached SCSI disk
[    8.270924] e1000 0000:00:08.0 eth1: (PCI:33MHz:32-bit) 08:00:27:de:29:82
[    8.272511] e1000 0000:00:08.0 eth1: Intel(R) PRO/1000 Network Connection
[    8.274978] e1000 0000:00:03.0 enp0s3: renamed from eth0
[    8.292892] e1000 0000:00:08.0 enp0s8: renamed from eth1
Begin: Loading essential drivers ... [    9.654123] md: linear personality registered for level -1
[    9.657846] md: multipath personality registered for level -4
[    9.661551] md: raid0 personality registered for level 0
[    9.666057] md: raid1 personality registered for level 1
[    9.736328] raid6: sse2x1   gen()  7903 MB/s
[    9.804151] raid6: sse2x1   xor()  6815 MB/s
[    9.872494] raid6: sse2x2   gen() 10638 MB/s
[    9.940334] raid6: sse2x2   xor()  8313 MB/s
[   10.008275] raid6: sse2x4   gen() 11666 MB/s
[   10.076195] raid6: sse2x4   xor()  9321 MB/s
[   10.144601] raid6: avx2x1   gen() 18361 MB/s
[   10.212203] raid6: avx2x2   gen() 19412 MB/s
[   10.280210] raid6: avx2x4   gen() 20924 MB/s
[   10.281334] raid6: using algorithm avx2x4 gen() 20924 MB/s
[   10.282785] raid6: using avx2x2 recovery algorithm
[   10.285178] xor: automatically using best checksumming function:
[   10.324563]    avx       : 21894.000 MB/sec
[   10.327057] async_tx: api initialized (async)
[   10.340289] md: raid6 personality registered for level 6
[   10.341425] md: raid5 personality registered for level 5
[   10.344946] md: raid4 personality registered for level 4
[   10.353342] md: raid10 personality registered for level 10
done.
Begin: Running /scripts/init-premount ... done.
Begin: Mounting root file system ... Begin: Running /scripts/local-top ... done.
Begin: Running /scripts/local-premount ... [   10.387744] Btrfs loaded
Scanning for Btrfs filesystems
done.
Warning: fsck not present, so skipping root file system
[   10.418207] EXT4-fs (sda1): mounted filesystem with ordered data mode. Opts: (null)
done.
Begin: Running /scripts/local-bottom ... done.
Begin: Running /scripts/init-bottom ... done.
[   10.524111] systemd[1]: systemd 229 running in system mode. (+PAM +AUDIT +SELINUX +IMA +APPARMOR +SMACK +SYSVINIT +UTMP +LIBCRYPTSETUP +GCRYPT +GNUTLS +ACL +XZ -LZ4 +SECCOMP +BLKID +ELFUTILS +KMOD -IDN)
[   10.529897] systemd[1]: Detected virtualization oracle.
[   10.531251] systemd[1]: Detected architecture x86-64.

Welcome to [1mUbuntu 16.04.6 LTS[0m!

[   10.535158] systemd[1]: Set hostname to <ubuntu>.
[   10.538198] systemd[1]: Initializing machine ID from random generator.
[   10.539607] systemd[1]: Installed transient /etc/machine-id file.
[   10.686718] systemd[1]: Reached target System Time Synchronized.
[[0;32m  OK  [0m] Reached target System Time Synchronized.
[   10.688989] systemd[1]: Listening on Device-mapper event daemon FIFOs.
[[0;32m  OK  [0m] Listening on Device-mapper event daemon FIFOs.
[   10.691506] systemd[1]: Reached target Encrypted Volumes.
[[0;32m  OK  [0m] Reached target Encrypted Volumes.
[   10.693522] systemd[1]: Listening on LVM2 poll daemon socket.
[[0;32m  OK  [0m] Listening on LVM2 poll daemon socket.
[   10.696706] systemd[1]: Reached target Swap.
[[0;32m  OK  [0m] Reached target Swap.
[   10.698556] systemd[1]: Set up automount Arbitrary Executable File Formats File System Automount Point.
[[0;32m  OK  [0m] Set up automount Arbitrary Executab...ats File System Automount Point.
[   10.701619] systemd[1]: Listening on Journal Socket.
[[0;32m  OK  [0m] Listening on Journal Socket.
[   10.703571] systemd[1]: Listening on udev Control Socket.
[[0;32m  OK  [0m] Listening on udev Control Socket.
[   10.705541] systemd[1]: Listening on /dev/initctl Compatibility Named Pipe.
[[0;32m  OK  [0m] Listening on /dev/initctl Compatibility Named Pipe.
[   10.708501] systemd[1]: Started Forward Password Requests to Wall Directory Watch.
[[0;32m  OK  [0m] Started Forward Password Requests to Wall Directory Watch.
[   10.712207] systemd[1]: Listening on Journal Socket (/dev/log).
[[0;32m  OK  [0m] Listening on Journal Socket (/dev/log).
[   10.714353] systemd[1]: Listening on udev Kernel Socket.
[[0;32m  OK  [0m] Listening on udev Kernel Socket.
[   10.716343] systemd[1]: Listening on Journal Audit Socket.
[[0;32m  OK  [0m] Listening on Journal Audit Socket.
[   10.718272] systemd[1]: Reached target User and Group Name Lookups.
[[0;32m  OK  [0m] Reached target User and Group Name Lookups.
[   10.720669] systemd[1]: Created slice System Slice.
[[0;32m  OK  [0m] Created slice System Slice.
[   10.980456] systemd[1]: Mounting POSIX Message Queue File System...
         Mounting POSIX Message Queue File System...
[   10.984063] systemd[1]: Starting Remount Root and Kernel File Systems...
         Starting Remount Root and Kernel File Systems...
[   10.987527] systemd[1]: Starting Set console keymap...
         Starting Set console keymap...
[   10.990716] EXT4-fs (sda1): re-mounted. Opts: (null)
[   10.993432] systemd[1]: Starting Load Kernel Modules...
         Starting Load Kernel Modules...
[   10.996798] systemd[1]: Mounting Debug File System...
         Mounting Debug File System...
[   11.000036] systemd[1]: Starting Create list of required static device nodes for the current kernel...
         Starting Create list of required st... nodes for the current kernel...
[   11.005515] systemd[1]: Starting Uncomplicated firewall...
         Starting Uncomplicated firewall...
[   11.007797] systemd[1]: Created slice User and Session Slice.
[   11.009204] Loading iSCSI transport class v2.0-870.
[[0;32m  OK  [0m] Created slice User and Session Slice.
[   11.011087] systemd[1]: Reached target Slices.
[[0;32m  OK  [0m] Reached target Slices.
[   11.013127] systemd[1]: Started Trigger resolvconf update for networkd DNS.
[[0;32m  OK  [0m] Started Trigger resolvconf update for networkd DNS.
[   11.015488] systemd[1]: Listening on LVM2 metadata daemon socket.
[[0;32m  OK  [0m] Listening on LVM2 metadata daemon socket.
[   11.018902] systemd[1]: Starting Monitoring of LVM2 mirrors, snapshots etc. using dmeventd or progress polling...
         Starting Monitoring of LVM2 mirrors... dmeventd or progress polling...
[   11.025158] systemd[1]: Listening on Syslog Socket.
[[0;32m  OK  [0m] Listening on Syslog Socket.
[   11.039294] iscsi: registered transport (tcp)
[   11.046660] systemd[1]: Starting Journal Service...
         Starting Journal Service...
[   11.120429] systemd[1]: Starting Nameserver information manager...
         Starting Nameserver information manager...
[   11.125127] systemd[1]: Mounting Huge Pages File System...
         Mounting Huge Pages File System...
[   11.133119] systemd[1]: Created slice system-serial\x2dgetty.slice.
[[0;32m  OK  [0m] Created slice system-serial\x2dgetty.slice.
[   11.150170] systemd[1]: Mounted Huge Pages File System.
[[0;32m  OK  [0m] Mounted Huge Pages File System.
[   11.154907] systemd[1]: Mounted POSIX Message Queue File System.
[[0;32m  OK  [0m] Mounted POSIX Message Queue File System.
[   11.161347] systemd[1]: Mounted Debug File System.
[[0;32m  OK  [0m] Mounted Debug File System.
[   11.168917] systemd[1]: Started Journal Service.
[[0;32m  OK  [0m] Started Journal Service.
[[0;32m  OK  [0m] Started Remount Root and Kernel File Systems.
[[0;32m  OK  [0m] Started Set console keymap.
[[0;32m  OK  [0m] Started Create list of required sta...ce nodes for the current kernel.
[   11.181163] iscsi: registered transport (iser)
[[0;32m  OK  [0m] Started Uncomplicated firewall.
[[0;32m  OK  [0m] Started Load Kernel Modules.
[[0;32m  OK  [0m] Started Nameserver information manager.
[[0;32m  OK  [0m] Started LVM2 metadata daemon.
         Mounting FUSE Control File System...
         Starting Apply Kernel Variables...
         Starting Create Static Device Nodes in /dev...
         Starting Load/Save Random Seed...
         Starting udev Coldplug all Devices...
         Starting Flush Journal to Persistent Storage...
[[0;32m  OK  [0m] Mounted FUSE Control File System.
[[0;32m  OK  [0m] Started Load/Save Random Seed.
[[0;32m  OK  [0m] Started Apply Kernel Variables.
[[0;32m  OK  [0m] Started Flush Journal to Persistent Storage.
[[0;32m  OK  [0m] Started Create Static Device Nodes in /dev.
         Starting udev Kernel Device Manager...
[[0;32m  OK  [0m] Started udev Kernel Device Manager.
[[0;32m  OK  [0m] Started udev Coldplug all Devices.
[[0;32m  OK  [0m] Started Dispatch Password Requests to Console Directory Watch.
[[0;32m  OK  [0m] Found device /dev/ttyS0.
[[0;32m  OK  [0m] Started Monitoring of LVM2 mirrors,...ng dmeventd or progress polling.
[[0;32m  OK  [0m] Reached target Local File Systems (Pre).
[[0;32m  OK  [0m] Reached target Local File Systems.
         Starting Create Volatile Files and Directories...
         Starting Tell Plymouth To Write Out Runtime Data...
         Starting LSB: AppArmor initialization...
         Starting Commit a transient machine-id on disk...
         Starting Initial cloud-init job (pre-networking)...
         Starting Set console font and keymap...
[[0;32m  OK  [0m] Listening on Load/Save RF Kill Switch Status /dev/rfkill Watch.
[[0;32m  OK  [0m] Started Tell Plymouth To Write Out Runtime Data.
[[0;32m  OK  [0m] Started Create Volatile Files and Directories.
         Starting Update UTMP about System Boot/Shutdown...
[[0;32m  OK  [0m] Started Update UTMP about System Boot/Shutdown.
[[0;32m  OK  [0m] Started Commit a transient machine-id on disk.
[   13.521814] cloud-init[535]: Cloud-init v. 20.2-45-g5f7825e2-0ubuntu1~16.04.1 running 'init-local' at Thu, 30 Jul 2020 07:37:03 +0000. Up 12.88 seconds.
[[0;32m  OK  [0m] Started Initial cloud-init job (pre-networking).
[[0;32m  OK  [0m] Started LSB: AppArmor initialization.
         Starting Load AppArmor profiles managed internally by snapd...
[[0;32m  OK  [0m] Reached target Network (Pre).
         Starting Raise network interfaces...
[[0;32m  OK  [0m] Started Load AppArmor profiles managed internally by snapd.
[[0;32m  OK  [0m] Started Set console font and keymap.
[[0;32m  OK  [0m] Created slice system-getty.slice.
[[0;32m  OK  [0m] Started Raise network interfaces.
[[0;32m  OK  [0m] Reached target Network.
         Starting Initial cloud-init job (metadata service crawler)...
[   15.256612] cloud-init[967]: Cloud-init v. 20.2-45-g5f7825e2-0ubuntu1~16.04.1 running 'init' at Thu, 30 Jul 2020 07:37:05 +0000. Up 14.54 seconds.
[   15.259175] cloud-init[967]: ci-info: ++++++++++++++++++++++++++++++++++++++Net device info+++++++++++++++++++++++++++++++++++++++
[   15.261623] cloud-init[967]: ci-info: +--------+-------+----------------------------+---------------+--------+-------------------+
[   15.263909] cloud-init[967]: ci-info: | Device |   Up  |          Address           |      Mask     | Scope  |     Hw-Address    |
[   15.266382] cloud-init[967]: ci-info: +--------+-------+----------------------------+---------------+--------+-------------------+
[   15.268415] cloud-init[967]: ci-info: | enp0s3 |  True |         10.0.2.15          | 255.255.255.0 | global | 02:81:88:50:25:98 |
[   15.276512] cloud-init[967]: ci-info: | enp0s3 |  True | fe80::81:88ff:fe50:2598/64 |       .       |  link  | 02:81:88:50:25:98 |
[   15.278879] cloud-init[967]: ci-info: | enp0s8 | False |             .              |       .       |   .    | 08:00:27:de:29:82 |
[   15.288488] cloud-init[967]: ci-info: |   lo   |  True |         127.0.0.1          |   255.0.0.0   |  host  |         .         |
[   15.290362] cloud-init[967]: ci-info: |   lo   |  True |          ::1/128           |       .       |  host  |         .         |
[   15.292342] cloud-init[967]: ci-info: +--------+-------+----------------------------+---------------+--------+-------------------+
[   15.295764] cloud-init[967]: ci-info: +++++++++++++++++++++++++++Route IPv4 info++++++++++++++++++++++++++++
[   15.297881] cloud-init[967]: ci-info: +-------+-------------+----------+---------------+-----------+-------+
[   15.300896] cloud-init[967]: ci-info: | Route | Destination | Gateway  |    Genmask    | Interface | Flags |
[   15.302877] cloud-init[967]: ci-info: +-------+-------------+----------+---------------+-----------+-------+[[0;32m  OK  [0m] Started Initial cloud-init job (metadata service crawler).
[[0;32m  OK  [0m] Reached target Network is Online.

[   15.306741] cloud-init[967]: ci-info: |   0   |   0.0.0.0   | 10.0.2.2 |    0.0.0.0    |   enp0s3  |   UG  |
[   15.307563] cloud-init[967]: ci-info: |   1   |   10.0.2.0  | 0.0.0.0  | 255.255.255.0 |   enp0s3  |   U   |
[   15.309687] cloud-init[967]: ci-info: +-------+-------------+----------+---------------+-----------+-------+
[   15.310615] cloud-init[967]: ci-info: +++++++++++++++++++Route IPv6 info+++++++++++++++++++
[   15.317427] cloud-init[967]: ci-info: +-------+-------------+---------+-----------+-------+
[   15.324442] cloud-init[967]: ci-info: | Route | Destination | Gateway | Interface | Flags |
[   15.324618] cloud-init[967]: ci-info: +-------+-------------+---------+-----------+-------+
[   15.325130] cloud-init[967]: ci-info: |   0   |  fe80::/64  |    ::   |   enp0s3  |   U   |
[   15.325479] cloud-init[967]: ci-info: |   3   |   ff00::/8  |    ::   |   enp0s3  |   U   |
[   15.326062] cloud-init[967]: ci-info: +-------+-------------+---------+-----------+-------+
[   15.326401] cloud-init[967]: Generating public/private rsa key pair.
[   15.326773] cloud-init[967]: Your identification has been saved in /etc/ssh/ssh_host_rsa_key.
[   15.327127] cloud-init[967]: Your public key has been saved in /etc/ssh/ssh_host_rsa_key.pub.
[   15.327473] cloud-init[967]: The key fingerprint is:
[   15.327863] cloud-init[967]: SHA256:n1MOFDmQ6bjmYhAN/87bUl3k3j1l7DYCU3mPpPUTgCQ root@ubuntu-xenial
[   15.328409] cloud-init[967]: The key's randomart image is:
[   15.328943] cloud-init[967]: +---[RSA 2048]----+
[   15.329284] cloud-init[967]: |        .Eoo..o  |
[   15.329880] cloud-init[967]: |  .     o +o.ooo |
[   15.330226] cloud-init[967]: |   +   o  .+.+.+o|
[   15.330999] cloud-init[967]: |  . o . .. o+ ..*|
[   15.331349] cloud-init[967]: |   . . .S..o+. +o|
[   15.331728] cloud-init[967]: |  .   + ...=...o+|
[   15.332323] cloud-init[967]: |   . = .  + . ..o|
[   15.332871] cloud-init[967]: |    o =.   .     |
[   15.333224] cloud-init[967]: |   . ..o.        |
[   15.333608] cloud-init[967]: +----[SHA256]-----+
[   15.333955] cloud-init[967]: Generating public/private dsa key pair.
[   15.334316] cloud-init[967]: Your identification has been saved in /etc/ssh/ssh_host_dsa_key.
[   15.334683] cloud-init[967]: Your public key has been saved in /etc/ssh/ssh_host_dsa_key.pub.
[   15.335031] cloud-init[967]: The key fingerprint is:
[   15.335395] cloud-init[967]: SHA256:9WrrE0qXyJoOyjqG624O/m5nLm+9KHitXGhl3aQbC2c root@ubuntu-xenial
[   15.335806] cloud-init[967]: The key's randomart image is:
[   15.336346] cloud-init[967]: +---[DSA 1024]----+
[   15.337152] cloud-init[967]: |                 |
[   15.337881] cloud-init[967]: |                 |
[   15.338288] cloud-init[967]: |         ..      |
[   15.338750] cloud-init[967]: |      . +. .     |
[   15.339171] cloud-init[967]: |     + ESo ..    |
[   15.339660] cloud-init[967]: |    + + B +.     |
[   15.340258] cloud-init[967]: |o .oo..* oo.     |
[   15.340772] cloud-init[967]: |==o*.*+.....     |
[   15.341184] cloud-init[967]: |OOB=X=....o.     |
[   15.341664] cloud-init[967]: +----[SHA256]-----+
[   15.341739] cloud-init[967]: Generating public/private ecdsa key pair.
[   15.341797] cloud-init[967]: Your identification has been saved in /etc/ssh/ssh_host_ecdsa_key.
[   15.341867] cloud-init[967]: Your public key has been saved in /etc/ssh/ssh_host_ecdsa_key.pub.
[   15.341941] cloud-init[967]: The key fingerprint is:
[   15.342015] cloud-init[967]: SHA256:XpYkznoZMV4NaWPpPigTa2PBUhJPLzqvmYDtHuYKdj0 root@ubuntu-xenial
[   15.342092] cloud-init[967]: The key's randomart image is:
[   15.342163] cloud-init[967]: +---[ECDSA 256]---+
[   15.342233] cloud-init[967]: |    ...   .o     |
[   15.342329] cloud-init[967]: |    .o..  *o     |
[   15.342392] cloud-init[967]: |     +o =+o..    |
[   15.342479] cloud-init[967]: |    ..+= *..     |
[   15.342857] cloud-init[967]: |    o. +So+      |
[   15.343192] cloud-init[967]: | o  .oBo.=o      |
[   15.343693] cloud-init[967]: |o.=. Eo++  .     |
[   15.344250] cloud-init[967]: |o+.o +..         |
[   15.344708] cloud-init[967]: |.o+ +            |
[   15.345036] cloud-init[967]: +----[SHA256]-----+
[   15.345542] cloud-init[967]: Generating public/private ed25519 key pair.
[   15.346026] cloud-init[967]: Your identification has been saved in /etc/ssh/ssh_host_ed25519_key.
[   15.346538] cloud-init[967]: Your public key has been saved in /etc/ssh/ssh_host_ed25519_key.pub.
[   15.347019] cloud-init[967]: The key fingerprint is:
[   15.347566] cloud-init[967]: SHA256:+FMRuvP+7tpBRzgboB8zR5L98pzgpClwZ5UJ8QtXH4w root@ubuntu-xenial
[   15.348100] cloud-init[967]: The key's randomart image is:
[   15.348575] cloud-init[967]: +--[ED25519 256]--+
[   15.348912] cloud-init[967]: |          *=.o+. |
[   15.349413] cloud-init[967]: |         o.*=E o.|
[   15.350019] cloud-init[967]: |        o *.B.. .|
[   15.350459] cloud-init[967]: |      ...ooO+*.  |
[   15.350939] cloud-init[967]: |      .oSoo=+=.. |
[   15.351454] cloud-init[967]: |       ..+o...+  |
[   15.351778] cloud-init[967]: |        o.. .    |
[   15.352294] cloud-init[967]: |         o . .   |
[   15.352618] cloud-init[967]: |          o==    |
[   15.352957] cloud-init[967]: +----[SHA256]-----+
         Starting iSCSI initiator daemon (iscsid)...
[[0;32m  OK  [0m] Reached target Cloud-config availability.
[[0;32m  OK  [0m] Reached target System Initialization.
[[0;32m  OK  [0m] Listening on D-Bus System Message Bus Socket.
         Starting Socket activation for snappy daemon.
[[0;32m  OK  [0m] Started Daily Cleanup of Temporary Directories.
[[0;32m  OK  [0m] Started ACPI Events Check.
[[0;32m  OK  [0m] Reached target Paths.
[[0;32m  OK  [0m] Listening on ACPID Listen Socket.
[[0;32m  OK  [0m] Listening on UUID daemon activation socket.
[[0;32m  OK  [0m] Started Daily apt download activities.
[[0;32m  OK  [0m] Started Daily apt upgrade and clean activities.
[[0;32m  OK  [0m] Started Message of the Day.
[[0;32m  OK  [0m] Reached target Timers.
         Starting LXD - unix socket.
[[0;32m  OK  [0m] Listening on Socket activation for snappy daemon.
[[0;32m  OK  [0m] Listening on LXD - unix socket.
[[0;32m  OK  [0m] Reached target Sockets.
[[0;32m  OK  [0m] Reached target Basic System.
         Starting Pollinate to seed the pseudo random number generator...
         Starting Accounts Service...
[[0;32m  OK  [0m] Started ACPI event daemon.
[[0;32m  OK  [0m] Started Deferred execution scheduler.
         Starting Virtualbox guest utils...
[[0;32m  OK  [0m] Started FUSE filesystem for LXC.
[[0;32m  OK  [0m] Started Regular background program processing daemon.
         Starting LSB: MD monitoring daemon...
         Starting LXD - container startup/shutdown...
         Starting Snap Daemon...
         Starting System Logging Service...
         Starting Login Service...
[[0;32m  OK  [0m] Started D-Bus System Message Bus.
         Starting /etc/rc.local Compatibility...
         Starting LSB: Record successful boot for GRUB...
[[0;32m  OK  [0m] Started System Logging Service.
[[0;32m  OK  [0m] Started iSCSI initiator daemon (iscsid).
[[0;32m  OK  [0m] Started /etc/rc.local Compatibility.
         Starting Login to default iSCSI targets...
[[0;32m  OK  [0m] Started Login Service.
         Starting Authenticate and Authorize Users to Run Privileged Tasks...
[[0;32m  OK  [0m] Started Unattended Upgrades Shutdown.
[[0;32m  OK  [0m] Started LSB: MD monitoring daemon.
[[0;32m  OK  [0m] Started LSB: Record successful boot for GRUB.
[[0;32m  OK  [0m] Started LXD - container startup/shutdown.
[[0;32m  OK  [0m] Started Login to default iSCSI targets.
[[0;32m  OK  [0m] Reached target Remote File Systems (Pre).
[[0;32m  OK  [0m] Reached target Remote File Systems.
         Starting LSB: Set the CPU Frequency Scaling governor to "ondemand"...
         Starting Permit User Sessions...
         Starting LSB: daemon to balance interrupts for SMP systems...
         Starting LSB: automatic crash report generation...
[[0;32m  OK  [0m] Started Permit User Sessions.
         Starting Hold until boot process finishes up...
         Starting Terminate Plymouth Boot Screen...
[[0;32m  OK  [0m] Started Hold until boot process finishes up.
[[0;32m  OK  [0m] Started Authenticate and Authorize Users to Run Privileged Tasks.
         Starting Set console scheme...
[[0;32m  OK  [0m] Started Getty on tty1.
[[0;32m  OK  [0m] Started Serial Getty on ttyS0.
[[0;32m  OK  [0m] Reached target Login Prompts.
[[0;32m  OK  [0m] Started Terminate Plymouth Boot Screen.
[[0;32m  OK  [0m] Started Set console scheme.
[[0;32m  OK  [0m] Started Accounts Service.
[[0;32m  OK  [0m] Started LSB: Set the CPU Frequency Scaling governor to "ondemand".
[[0;32m  OK  [0m] Started LSB: daemon to balance interrupts for SMP systems.
[[0;32m  OK  [0m] Started LSB: automatic crash report generation.
[[0;32m  OK  [0m] Started Virtualbox guest utils.
[[0;32m  OK  [0m] Started Snap Daemon.
         Starting Wait until snapd is fully seeded...
[[0;32m  OK  [0m] Started Pollinate to seed the pseudo random number generator.
         Starting OpenBSD Secure Shell server...
[[0;32m  OK  [0m] Started OpenBSD Secure Shell server.
[[0;32m  OK  [0m] Started Wait until snapd is fully seeded.
         Starting Apply the settings specified in cloud-config...
[[0;32m  OK  [0m] Reached target Multi-User System.
[[0;32m  OK  [0m] Reached target Graphical Interface.
         Starting Update UTMP about System Runlevel Changes...
[[0;32m  OK  [0m] Started Update UTMP about System Runlevel Changes.
[   17.493309] cloud-init[1326]: Generating locales (this might take a while)...
[   18.290804] cloud-init[1326]:   en_US.UTF-8... done
[   18.293154] cloud-init[1326]: Generation complete.
[   18.574259] cloud-init[1326]: Cloud-init v. 20.2-45-g5f7825e2-0ubuntu1~16.04.1 running 'modules:config' at Thu, 30 Jul 2020 07:37:07 +0000. Up 17.39 seconds.
[[0;32m  OK  [0m] Started Apply the settings specified in cloud-config.
         Starting Execute cloud user/final scripts...
[[0;32m  OK  [0m] Created slice User Slice of vagrant.
         Starting User Manager for UID 1000...
[[0;32m  OK  [0m] Started Session 1 of user vagrant.
[[0;32m  OK  [0m] Started User Manager for UID 1000.
ci-info: no authorized SSH keys fingerprints found for user ubuntu.
<14>Jul 30 07:37:09 ec2: 
<14>Jul 30 07:37:09 ec2: #############################################################
<14>Jul 30 07:37:09 ec2: -----BEGIN SSH HOST KEY FINGERPRINTS-----
<14>Jul 30 07:37:09 ec2: 1024 SHA256:9WrrE0qXyJoOyjqG624O/m5nLm+9KHitXGhl3aQbC2c root@ubuntu-xenial (DSA)
<14>Jul 30 07:37:09 ec2: 256 SHA256:XpYkznoZMV4NaWPpPigTa2PBUhJPLzqvmYDtHuYKdj0 root@ubuntu-xenial (ECDSA)
<14>Jul 30 07:37:09 ec2: 256 SHA256:+FMRuvP+7tpBRzgboB8zR5L98pzgpClwZ5UJ8QtXH4w root@ubuntu-xenial (ED25519)
<14>Jul 30 07:37:09 ec2: 2048 SHA256:n1MOFDmQ6bjmYhAN/87bUl3k3j1l7DYCU3mPpPUTgCQ root@ubuntu-xenial (RSA)
<14>Jul 30 07:37:09 ec2: -----END SSH HOST KEY FINGERPRINTS-----
<14>Jul 30 07:37:09 ec2: #############################################################
-----BEGIN SSH HOST KEY KEYS-----
ecdsa-sha2-nistp256 AAAAE2VjZHNhLXNoYTItbmlzdHAyNTYAAAAIbmlzdHAyNTYAAABBBDwtZDe5m/cvlNcufohHlr/ErUwe8JpxJQkstKf4mgR3hc0q+2Zi33MRV3d/Kc4fOucHQSNDLcbCD2jszf0rRMU= root@ubuntu-xenial
ssh-ed25519 AAAAC3NzaC1lZDI1NTE5AAAAIFKBV5Oz86JtnPF3KGnBB0iPmBuqap84HK+mwiHbz7gP root@ubuntu-xenial
ssh-rsa AAAAB3NzaC1yc2EAAAADAQABAAABAQCwpynEsGhT7Z9rd++o/OoHMAuxzKSGDIuWjgwQxsRXglTCWVG5ki4IBIoFumceR6x0mFP/yj8j1iRn9h/oWg5Ovj1TyBnKMr/rRaHistnRrjXGgNcBtuzpb15K67p2TXry+uBTYjiyUIQufRzaQTsqftsYSBI6Ssrnrd1uVgmoKcoFy2unWbyd51lOq738UZf3srYT9FDifQ3x9U8Skk6QsEC6bluA6YbdRuqJz35JVfjz3FwOFoLTg5jK+qL23yhfqdWfsvd+EQ+7BoqEYgMQRqptlxiul/uUkTBANiGw8NR6pnWVIeMiyNpK20loFm/MV57CNiNY9NAhnQYx/opz root@ubuntu-xenial
-----END SSH HOST KEY KEYS-----
[   19.147733] cloud-init[1369]: Cloud-init v. 20.2-45-g5f7825e2-0ubuntu1~16.04.1 running 'modules:final' at Thu, 30 Jul 2020 07:37:09 +0000. Up 18.93 seconds.
[   19.151580] cloud-init[1369]: ci-info: no authorized SSH keys fingerprints found for user ubuntu.
[   19.153762] cloud-init[1369]: Cloud-init v. 20.2-45-g5f7825e2-0ubuntu1~16.04.1 finished at Thu, 30 Jul 2020 07:37:09 +0000. Datasource DataSourceNoCloud [seed=/dev/sdb][dsmode=net].  Up 19.12 seconds
[[0;32m  OK  [0m] Started Execute cloud user/final scripts.
[[0;32m  OK  [0m] Reached target Cloud-init target.

Ubuntu 16.04.6 LTS ubuntu-xenial ttyS0

ubuntu-xenial login: 